[DEBUG] Title Validation FAILED: Page Title 'Beautiful Mind (Korean Drama)' vs Expected 'A Beautiful Mind' (Ratio: 0.62 & No Alias Match)
[DEBUG] Title Validation FAILED: Detected Actor Profile (born:) instead of Drama/Movie on page.
[DEBUG] Title Validation FAILED: Detected Actor Profile (born:) instead of Drama/Movie on page.
[DEBUG] Title Validation FAILED: Detected Actor Profile (birthdate:) instead of Drama/Movie on page.
[DEBUG] Title Validation FAILED: Detected Actor Profile (born:) instead of Drama/Movie on page.
[DEBUG] Title Validation FAILED: Page Title 'Beautiful Mind (Korean Drama)' vs Expected 'A Beautiful Mind' (Ratio: 0.62 & No Alias Match)
[DEBUG] Title Validation FAILED: Detected Actor Profile (born:) instead of Drama/Movie on page.
[DEBUG] Title Validation FAILED: Detected Actor Profile (birthdate:) instead of Drama/Movie on page.
[DEBUG] Title Validation FAILED: Detected Actor Profile (born:) instead of Drama/Movie on page.
[DEBUG] Title Validation FAILED: Detected Actor Profile (birth name:) instead of Drama/Movie on page.
[DEBUG] Title Validation FAILED: Detected Actor Profile (born:) instead of Drama/Movie on page.
[DEBUG] Title Validation FAILED: Page Title 'Beautiful Mind (Korean Drama)' vs Expected 'A Beautiful Mind' (Ratio: 0.62 & No Alias Match)
[DEBUG] Title Validation FAILED: Expected Year 2016 (±1) not found on page 'Proof'.
[DEBUG] Title Validation FAILED: Detected Actor Profile (born:) instead of Drama/Movie on page.
[DEBUG] Title Validation FAILED: Page Title 'Foxy Lady!' vs Expected 'What's Up, Fox?' (Ratio: 0.24 & No Alias Match)
[DEBUG] Title Validation FAILED: Detected Actor Profile (birthdate:) instead of Drama/Movie on page.
[DEBUG] Title Validation FAILED: Page Title 'The Fox Family' vs Expected 'What's Up, Fox?' (Ratio: 0.34 & No Alias Match)
[DEBUG] Title Validation FAILED: Page Title 'Foxy Lady!' vs Expected 'What's Up, Fox?' (Ratio: 0.24 & No Alias Match)
[DEBUG] Title Validation FAILED: Page Title 'Something in the Rain' vs Expected 'What's Up, Fox?' (Ratio: 0.11 & No Alias Match)
[DEBUG] Title Validation FAILED: Detected Actor Profile (birthdate:) instead of Drama/Movie on page.
[DEBUG] Title Validation FAILED: Page Title 'Foxy Lady!' vs Expected 'What's Up, Fox?' (Ratio: 0.24 & No Alias Match)
[DEBUG] Title Validation FAILED: Page Title 'H.I.T' vs Expected 'What's Up, Fox?' (Ratio: 0.20 & No Alias Match)
[DEBUG] Title Validation FAILED: Expected Year 2006 (±1) not found on page 'Heart to Heart'.
[DEBUG] Title Validation FAILED: Expected Year 2006 (±1) not found on page 'Dae Mul'.
[DEBUG] Title Validation FAILED: Detected Actor Profile (birthdate:) instead of Drama/Movie on page.
[DEBUG] Title Validation FAILED: Season mismatch. Expected S1, Page has S2 (What's Up Fox? Episode 2)
[DEBUG] Title Validation FAILED: Page Title 'Bad Guy - Korean Drama' vs Expected 'Bad Boy' (Ratio: 0.34 & No Alias Match)
[DEBUG] Title Validation FAILED: Expected Year 2010 (±1) not found on page 'Bad Guys (Korean Drama)'.
[DEBUG] Title Validation FAILED: Page Title 'Bad Guy (2001-Korean Movie)' vs Expected 'Bad Boy' (Ratio: 0.29 & No Alias Match)
[DEBUG] Title Validation FAILED: Expected Year 2010 (±1) not found on page 'Bad Boys'.
[DEBUG] Title Validation FAILED: Expected Year 2010 (±1) not found on page 'Good Boy (Korean Drama)'.
[DEBUG] Title Validation FAILED: Page Title 'Bad Guy - Korean Drama' vs Expected 'Bad Boy' (Ratio: 0.34 & No Alias Match)
[DEBUG] Title Validation FAILED: Page Title 'Bad Guy - Korean Drama' vs Expected 'Bad Boy' (Ratio: 0.34 & No Alias Match)
✅ Workflow Batch completed successfully
🏁 Final Batch Completed
══════════════════════════════════════════════════════
📊 My Movie Database – Excel to JSON Workflow Report
══════════════════════════════════════════════════════

🚀 Workflow Type : Manual
🔁 RUN           : 956
⏰ Start Time    : 29 August 2026 - 07:38:59 AM
⏰ End Time      : 29 August 2026 - 07:43:57 AM
⏱️ Run Time      : 4 Minutes 57 Seconds
⚙️ Max Process   : 50 Row Per Run
🔄 Current Batch : 3

━━━━━━━━━━━━━━━━━━━━━━━━━━━━━━━━━━━━━━━
🗂️ === Feb 7 2023 Onwards ===
━━━━━━━━━━━━━━━━━━━━━━━━━━━━━━━━━━━━━━━

🆕 Data Created:
- 1572 - Agent Kim Reactivated (2026) -> First Time Uploaded
- 1573 - A Beautiful Mind (2016) -> First Time Uploaded
- 1574 - See You at Work Tomorrow! (2026) -> First Time Uploaded
- 1575 - What's Up, Fox? (2006) -> First Time Uploaded
- 1576 - Bad Boy (2010) -> First Time Uploaded
- 1577 - My Fair Lady (2009) -> First Time Uploaded
- 1578 - May I Help You (2022) -> First Time Uploaded
- 1579 - Lovers in Paris (2004) -> First Time Uploaded
- 1580 - Love in Sync (2026) -> First Time Uploaded
- 1581 - Which Star Are You From? (2006) -> First Time Uploaded
- 1582 - Our Sticky Love (2026) -> First Time Uploaded
- 1583 - Cats on the Roof (2003) -> First Time Uploaded

🖼️ Fetched Data Details:
- 1572 - Agent Kim Reactivated (2026) -> Fetched: Aired On, Cast, Director, Duration, Other Names, Release Date, Show Image, Synopsis, Tags
- 1573 - A Beautiful Mind (2016) -> Fetched: Aired On, Cast, Director, Duration, Other Names, Release Date, Show Image, Synopsis, Tags
- 1574 - See You at Work Tomorrow! (2026) -> Fetched: Aired On, Cast, Director, Duration, Other Names, Release Date, Show Image, Synopsis, Tags
- 1575 - What's Up, Fox? (2006) -> Fetched: Show Image
- 1576 - Bad Boy (2010) -> Fetched: Aired On, Cast, Director, Duration, Other Names, Release Date, Show Image, Synopsis, Tags
- 1577 - My Fair Lady (2009) -> Fetched: Aired On, Cast, Director, Duration, Other Names, Release Date, Show Image, Synopsis, Tags
- 1578 - May I Help You (2022) -> Fetched: Aired On, Cast, Director, Duration, Other Names, Release Date, Show Image, Synopsis, Tags
- 1579 - Lovers in Paris (2004) -> Fetched: Aired On, Cast, Director, Duration, Other Names, Release Date, Show Image, Synopsis, Tags
- 1580 - Love in Sync (2026) -> Fetched: Aired On, Cast, Director, Duration, Other Names, Release Date, Show Image, Synopsis, Tags
- 1581 - Which Star Are You From? (2006) -> Fetched: Aired On, Cast, Director, Duration, Other Names, Release Date, Show Image, Synopsis, Tags
- 1582 - Our Sticky Love (2026) -> Fetched: Aired On, Cast, Director, Duration, Other Names, Release Date, Show Image, Synopsis, Tags
- 1583 - Cats on the Roof (2003) -> Fetched: Aired On, Cast, Director, Duration, Other Names, Release Date, Show Image, Synopsis, Tags

⚠️ Missing Values (Asian Dramas):
- 1575 - What's Up, Fox? (2006) -> ⚠️ Missing: Aired On, Cast, Director, Duration, Other Names, Release Date, Synopsis, Tags

📊 Summary (Sheet: Feb 7 2023 Onwards)
━━━━━━━━━━━━━━━━━━━━━━━━━━━━━━━━━━━━━━━
🆕 Created: 12
🔁 Updated: 0
🔍 Refetched: 0
🚫 Skipped (Asian): 0
🙈 Ignored (Non-Asian): 0
⚠️ Warnings: 1
  Total Unique Rows: 12

━━━━━━━━━━━━━━━━━━━━━━━━━━━━━━━━━━━━━━━
🗂️ === Before Feb 7 2023 (Korean) ===
━━━━━━━━━━━━━━━━━━━━━━━━━━━━━━━━━━━━━━━

🔁 Data Updated:
✍️ 110 - The Legend of the Blue Sea (2016) -> Category, Again Watched Dates Updated

⚠️ Missing Values (Asian Dramas):
- 124 - Hellbound (2022) -> ⚠️ Missing: Director

🚫 Skipped (Unchanged):
- 101 - Mr. Queen (2020)
- 102 - She Would Never Know (2021)
- 103 - True Beauty (2020)
- 104 - What's Wrong with Secretary Kim (2018)
- 105 - Love in Contract (2022)
- 106 - Business Proposal (2022)
- 107 - School 2017 (2017)
- 108 - Island (2023)
- 109 - The Innocent Man (2012)
- 111 - Reborn Rich (2022)
- 112 - The Penthouse Season 3: War in Life (2021)
- 113 - My Secret Terrius (2018)
- 114 - The Liar and His Lover (2017)
- 115 - Secret Garden (2010)
- 116 - My Love from the Star (2013)
- 117 - High Society (2015)
- 118 - High School King of Savvy (2014)
- 119 - Strong Girl Bong Soon (2017)
- 120 - Introverted Boss (2017)
- 121 - Because This Is My First Life (2017)
- 122 - The One and Only (2022)
- 123 - All of Us Are Dead (2022)

📊 Summary (Sheet: Before Feb 7 2023 (Korean))
━━━━━━━━━━━━━━━━━━━━━━━━━━━━━━━━━━━━━━━
🆕 Created: 0
🔁 Updated: 1
🔍 Refetched: 0
🚫 Skipped (Asian): 22
🙈 Ignored (Non-Asian): 0
⚠️ Warnings: 1
  Total Unique Rows: 23

━━━━━━━━━━━━━━━━━━━━━━━━━━━━━━━━━━━━━━━
🗂️ === Before Feb 7 2023 (Korean Dub) ===
━━━━━━━━━━━━━━━━━━━━━━━━━━━━━━━━━━━━━━━

🔁 Data Updated:
✍️ 219 - Angel's Last Mission: Love (2019) -> Again Watched Dates Updated

⚠️ Missing Values (Asian Dramas):
- 237 - Squid Game (2021) -> ⚠️ Missing: Director

🚫 Skipped (Unchanged):
- 201 - The Penthouse: War in Life (2020)
- 202 - The Penthouse Season 2: War in Life (2021)
- 203 - Alice (2020)
- 204 - Pinocchio (2014)
- 205 - Playful Kiss (2010)
- 206 - Dr. Romantic (2016)
- 207 - Dr. Romantic Season 2 (2020)
- 208 - Doctor John (2019)
- 209 - Doctor Stranger (2014)
- 210 - VIP (2019)
- 211 - To All the Guys Who Loved Me (2020)
- 212 - The Heirs (2013)
- 213 - Meow, the Secret Boy (2020)
- 214 - Into the Ring (2020)
- 215 - Good Casting (2020)
- 216 - Perfume (2019)
- 217 - I Wanna Hear Your Song (2019)
- 218 - The Tale of Nokdu (2019)
- 220 - Mask (2015)
- 221 - Doctor Prisoner (2019)
- 222 - Sketch (2018)
- 223 - Untouchable (2017)
- 224 - The Last Empress (2018)
- 225 - The Secret Life of My Secretary (2019)
- 226 - Defendant (2017)
- 227 - Yong Pal (2015)
- 228 - Solomon's Perjury (2016)
- 229 - Sign (2011)
- 230 - One the Woman (2021)
- 231 - Flower of Evil (2020)
- 232 - Kill Me, Heal Me (2015)
- 233 - Guardian: The Lonely and Great God (2016)
- 234 - Extraordinary You (2019)
- 235 - I'm Not a Robot (2017)
- 236 - Something about 1 Percent (2016)
- 238 - Light on Me (2021)
- 239 - Hot Stove League (2019)
- 240 - My Wife’s Having an Affair This Week (2016)
- 241 - Rain or Shine (2017)
- 242 - Fantastic (2016)
- 243 - My Girlfriend Is a Gumiho (2010)

📊 Summary (Sheet: Before Feb 7 2023 (Korean Dub))
━━━━━━━━━━━━━━━━━━━━━━━━━━━━━━━━━━━━━━━
🆕 Created: 0
🔁 Updated: 1
🔍 Refetched: 0
🚫 Skipped (Asian): 41
🙈 Ignored (Non-Asian): 0
⚠️ Warnings: 1
  Total Unique Rows: 42

━━━━━━━━━━━━━━━━━━━━━━━━━━━━━━━━━━━━━━━
🗂️ === Before Feb 7 2023 ===
━━━━━━━━━━━━━━━━━━━━━━━━━━━━━━━━━━━━━━━

🚫 Skipped (Unchanged):
- 301 - My Girlfriend Is an Alien (2019)
- 302 - Put Your Head on My Shoulder (2019)
- 303 - Love of Thousand Years (2020)
- 304 - The Sleepless Princess (2020)
- 305 - The Love by Hypnotic (2019)
- 306 - A Love So Romantic (2020)
- 307 - Dreaming Back to the Qing Dynasty (2019)
- 308 - Love Better Than Immortality (2019)
- 309 - Knock On The Happiness Door (2020)
- 310 - Song of Youth (2021)
- 311 - Love O2O (2016)

🙈 Ignored (Non-Asian / Western Shows):
- 312 - Limitless (2015)
- 313 - Beauty and the Beast Season 1 (2012)
- 314 - Beauty and the Beast Season 2 (2013)
- 315 - Beauty and the Beast Season 3 (2015)
- 316 - Beauty and the Beast Season 4 (2016)
- 317 - Price of Passion (2017)
- 318 - Lucifer Season 1 (2016)
- 319 - Lucifer Season 2 (2017)
- 320 - Lucifer Season 3 (2018)
- 321 - Lucifer Season 4 (2019)
- 322 - Lucifer Season 5 (2021)
- 323 - Lucifer Season 6 (2021)
- 324 - Peaky Blinders Season 1 (2013)

📊 Summary (Sheet: Before Feb 7 2023)
━━━━━━━━━━━━━━━━━━━━━━━━━━━━━━━━━━━━━━━
🆕 Created: 0
🔁 Updated: 0
🔍 Refetched: 0
🚫 Skipped (Asian): 11
🙈 Ignored (Non-Asian): 13
⚠️ Warnings: 0
  Total Unique Rows: 24

━━━━━━━━━━━━━━━━━━━━━━━━━━━━━━━━━━━━━━━
🗂️ === Mini Drama ===
━━━━━━━━━━━━━━━━━━━━━━━━━━━━━━━━━━━━━━━

⚠️ Missing Values (Asian Dramas):
- 401 - Number Six (2018) -> ⚠️ Missing: Director
- 403 - Don’t Mess with Ex-Girlfriend (2022) -> ⚠️ Missing: Director
- 404 - Here Is My Exclusive Indulge Season 2 (2022) -> ⚠️ Missing: Director
- 405 - Love Me in Three Days (2022) -> ⚠️ Missing: Director
- 407 - Love You Self-Evident (2023) -> ⚠️ Missing: Director
- 413 - Dear Sa-chan (2024) -> ⚠️ Missing: Director

🚫 Skipped (Unchanged):
- 402 - Female CEO Love Me (2022)
- 406 - High-end Crush (2015)
- 408 - Fanletter, Please (2022)
- 409 - Scripting Your Destiny (2021)
- 410 - My Undead Yokai Girlfriend (2024)
- 411 - Mad for Each Other (2021)
- 412 - Business Marriage (2024)
- 414 - 1122: For a Happy Marriage (2024)
- 415 - Rainkissed Fate (2025)
- 416 - Hello, Nice to Meet You. Let's Get Divorced. (2024)
- 417 - Naked Fireman (2017)
- 418 - Way Back Love (2025)

📊 Summary (Sheet: Mini Drama)
━━━━━━━━━━━━━━━━━━━━━━━━━━━━━━━━━━━━━━━
🆕 Created: 0
🔁 Updated: 0
🔍 Refetched: 0
🚫 Skipped (Asian): 12
🙈 Ignored (Non-Asian): 0
⚠️ Warnings: 6
  Total Unique Rows: 12

━━━━━━━━━━━━━━━━━━━━━━━━━━━━━━━━━━━━━━━
📊 Summary (Current Batch Only)
━━━━━━━━━━━━━━━━━━━━━━━━━━━━━━━━━━━━━━━
🆕 Total Created: 12
🔁 Total Updated: 2
🔍 Total Refetched: 0
🖼️ Show Images Updated: 12
🧑‍🎨 New Artist Images Added: 76
🚫 Total Skipped (Asian): 86
🙈 Total Ignored (Non-Asian): 13
❌ Total Deleted: 0
🗄️ Total Archived Backups: 0
⚠️ Total Warnings: 9
💾 Backup Files: 2
  Grand Total Rows Processed: 113

💾 Metadata Backups: 14

📦 Total Objects in seriesData.json: 692
📦 Total Objects in artists.json: 12054
📦 Total Objects in cast.json: 644
📦 Total Objects in artists_lookup.json: 12054
🖼️ Total images in show-images: 645
🧑‍🎨 Total images in artist-images: 12054
━━━━━━━━━━━━━━━━━━━━━━━━━━━━━━━━━━━━━━━
🗂️ Folders Generated:
━━━━━━━━━━━━━━━━━━━━━━━━━━━━━━━━━━━━━━━
📁 backups/ (Total: 2 files)
    📄 BACKUP_29_August_2026_0738_110.json
    📄 BACKUP_29_August_2026_0738_219.json

📁 show_images/ (Total: 12 files)
    📄 1572.jpg
    📄 1573.jpg
    📄 1574.jpg
    📄 1575.jpg
    📄 1576.jpg
    ... and 7 more files.

📁 artist_images/ (Total: 76 files)
    📄 27793.jpg
    📄 16857.jpg
    📄 39751.jpg
    📄 163338.jpg
    📄 163632.jpg
    ... and 71 more files.

📁 meta_backups/ (Total: 14 files)
    📄 META_29_August_2026_0738_1572.json
    📄 META_29_August_2026_0738_1573.json
    📄 META_29_August_2026_0738_1574.json
    📄 META_29_August_2026_0738_1575.json
    📄 META_29_August_2026_0738_1576.json
    ... and 9 more files.

📁 reports/ (Total: 1 files)
    📄 29_August_2026_0738_FINAL_954-956_REPORT.txt

━━━━━━━━━━━━━━━━━━━━━━━━━━━━━━━━━━━━━━━
🏁 Workflow finished successfully

✅ Final Master Report written -> reports/29_August_2026_0738_FINAL_954-956_REPORT.txt (Saved to Repo)
